components/MailTemplatesView.tsx(357,59): error TS2322: Type '{ key: any; template: any; }' is not assignable to type '{ template: MailTemplate; }'.
  Property 'key' does not exist on type '{ template: MailTemplate; }'.
components/MailTemplatesView.tsx(363,56): error TS2322: Type '{ key: any; template: any; }' is not assignable to type '{ template: MailTemplate; }'.
  Property 'key' does not exist on type '{ template: MailTemplate; }'.
mockData.ts(86,5): error TS2739: Type '{ id: string; submissionId: string; timestamp: string; requesterId: string; requesterName: string; requesterEmail: string; requesterPhone: string; requesterDepartment: string; requesterCampus: string; ... 16 more ...; timeline: { ...; }[]; }' is missing the following properties from type 'TravelRequest': emergencyContactName, emergencyContactPhone, emergencyContactRelation, bloodGroup
mockData.ts(117,5): error TS2739: Type '{ id: string; submissionId: string; timestamp: string; requesterId: string; requesterName: string; requesterEmail: string; requesterPhone: string; requesterDepartment: string; requesterCampus: string; ... 18 more ...; timeline: ({ ...; } | { ...; })[]; }' is missing the following properties from type 'TravelRequest': emergencyContactName, emergencyContactPhone, emergencyContactRelation, bloodGroup
mockData.ts(150,5): error TS2739: Type '{ id: string; submissionId: string; timestamp: string; requesterId: string; requesterName: string; requesterEmail: string; requesterPhone: string; requesterDepartment: string; requesterCampus: string; ... 12 more ...; timeline: { ...; }[]; }' is missing the following properties from type 'TravelRequest': emergencyContactName, emergencyContactPhone, emergencyContactRelation, bloodGroup
